54
564
65
